// Jest Snapshot v1, https://goo.gl/fbAQLP

exports[`TestComponentWithAppContext 1`] = `
<div>
  <div>
    Races: 
    10
  </div>
</div>
`;
